
core:     file format elf32-i386


Disassembly of section .text:

00009e00 <MIT>:
    9e00:	22 9e 2a 9e          	and    bl,BYTE PTR [bp-0x61d6]
	...
    9e20:	5a                   	pop    dx
    9e21:	7a                   	.byte 0x7a

00009e22 <_list>:
    9e22:	89 36 32 9e          	mov    WORD PTR ds:0x9e32,si
    9e26:	e8 3b 03             	call   a164 <list>
    9e29:	c3                   	ret    

00009e2a <_interpret>:
    9e2a:	89 36 32 9e          	mov    WORD PTR ds:0x9e32,si
    9e2e:	e8 9e 04             	call   a2cf <interpret>
    9e31:	c3                   	ret    

00009e32 <kernarg>:
	...

00009e34 <_strxd>:
    9e34:	48                   	dec    ax
    9e35:	6f                   	outs   dx,WORD PTR ds:[si]
    9e36:	6c                   	ins    BYTE PTR es:[di],dx
    9e37:	61                   	popa   
    9e38:	20 78 64             	and    BYTE PTR [bx+si+0x64],bh
	...

00009e3c <PrintString>:
    9e3c:	89 e3                	mov    bx,sp
    9e3e:	8b 77 02             	mov    si,WORD PTR [bx+0x2]
    9e41:	ff 16 00 7f          	call   WORD PTR ds:0x7f00
    9e45:	c3                   	ret    

00009e46 <PrintLn>:
    9e46:	ff 16 02 7f          	call   WORD PTR ds:0x7f02
    9e4a:	c3                   	ret    

00009e4b <PrintStringLn>:
    9e4b:	89 e3                	mov    bx,sp
    9e4d:	8b 77 02             	mov    si,WORD PTR [bx+0x2]
    9e50:	ff 16 04 7f          	call   WORD PTR ds:0x7f04
    9e54:	c3                   	ret    

00009e55 <GetPromptString>:
    9e55:	ff 16 06 7f          	call   WORD PTR ds:0x7f06
    9e59:	c3                   	ret    

00009e5a <ClearInputBuffer>:
    9e5a:	ff 16 0a 7f          	call   WORD PTR ds:0x7f0a
    9e5e:	c3                   	ret    

00009e5f <_ensure>:
    9e5f:	ff 16 0c 7f          	call   WORD PTR ds:0x7f0c
    9e63:	30 e4                	xor    ah,ah
    9e65:	88 d8                	mov    al,bl
    9e67:	c3                   	ret    

00009e68 <_more>:
    9e68:	ff 16 0e 7f          	call   WORD PTR ds:0x7f0e
    9e6c:	30 e4                	xor    ah,ah
    9e6e:	88 d8                	mov    al,bl
    9e70:	c3                   	ret    

00009e71 <ExtendedStore>:
    9e71:	89 e3                	mov    bx,sp
    9e73:	8b 77 02             	mov    si,WORD PTR [bx+0x2]
    9e76:	30 e4                	xor    ah,ah
    9e78:	8a 47 04             	mov    al,BYTE PTR [bx+0x4]
    9e7b:	ff 16 10 7f          	call   WORD PTR ds:0x7f10
    9e7f:	c3                   	ret    

00009e80 <ExtendedLoad>:
    9e80:	89 e3                	mov    bx,sp
    9e82:	8b 77 02             	mov    si,WORD PTR [bx+0x2]
    9e85:	ff 16 12 7f          	call   WORD PTR ds:0x7f12
    9e89:	30 e4                	xor    ah,ah
    9e8b:	c3                   	ret    

00009e8c <memcpy>:
    9e8c:	57                   	push   di
    9e8d:	55                   	push   bp
    9e8e:	89 e5                	mov    bp,sp
    9e90:	83 ec 02             	sub    sp,0x2
    9e93:	c7 46 fe 00 00       	mov    WORD PTR [bp-0x2],0x0
    9e98:	eb 1f                	jmp    9eb9 <memcpy+0x2d>
    9e9a:	8b 46 fe             	mov    ax,WORD PTR [bp-0x2]
    9e9d:	8b 56 06             	mov    dx,WORD PTR [bp+0x6]
    9ea0:	01 c2                	add    dx,ax
    9ea2:	89 d3                	mov    bx,dx
    9ea4:	8b 46 fe             	mov    ax,WORD PTR [bp-0x2]
    9ea7:	8b 56 08             	mov    dx,WORD PTR [bp+0x8]
    9eaa:	01 c2                	add    dx,ax
    9eac:	89 d7                	mov    di,dx
    9eae:	8a 05                	mov    al,BYTE PTR [di]
    9eb0:	88 07                	mov    BYTE PTR [bx],al
    9eb2:	8b 46 fe             	mov    ax,WORD PTR [bp-0x2]
    9eb5:	40                   	inc    ax
    9eb6:	89 46 fe             	mov    WORD PTR [bp-0x2],ax
    9eb9:	8b 46 fe             	mov    ax,WORD PTR [bp-0x2]
    9ebc:	3b 46 0a             	cmp    ax,WORD PTR [bp+0xa]
    9ebf:	3b 46 0a             	cmp    ax,WORD PTR [bp+0xa]
    9ec2:	72 d6                	jb     9e9a <memcpy+0xe>
    9ec4:	8b 46 06             	mov    ax,WORD PTR [bp+0x6]
    9ec7:	89 c0                	mov    ax,ax
    9ec9:	89 c0                	mov    ax,ax
    9ecb:	89 ec                	mov    sp,bp
    9ecd:	5d                   	pop    bp
    9ece:	5f                   	pop    di
    9ecf:	16                   	push   ss
    9ed0:	1f                   	pop    ds
    9ed1:	c3                   	ret    

00009ed2 <strncpy>:
    9ed2:	57                   	push   di
    9ed3:	55                   	push   bp
    9ed4:	89 e5                	mov    bp,sp
    9ed6:	83 ec 02             	sub    sp,0x2
    9ed9:	c7 46 fe 00 00       	mov    WORD PTR [bp-0x2],0x0
    9ede:	eb 1f                	jmp    9eff <strncpy+0x2d>
    9ee0:	8b 46 fe             	mov    ax,WORD PTR [bp-0x2]
    9ee3:	8b 56 06             	mov    dx,WORD PTR [bp+0x6]
    9ee6:	01 c2                	add    dx,ax
    9ee8:	89 d3                	mov    bx,dx
    9eea:	8b 46 fe             	mov    ax,WORD PTR [bp-0x2]
    9eed:	8b 56 08             	mov    dx,WORD PTR [bp+0x8]
    9ef0:	01 c2                	add    dx,ax
    9ef2:	89 d7                	mov    di,dx
    9ef4:	8a 05                	mov    al,BYTE PTR [di]
    9ef6:	88 07                	mov    BYTE PTR [bx],al
    9ef8:	8b 46 fe             	mov    ax,WORD PTR [bp-0x2]
    9efb:	40                   	inc    ax
    9efc:	89 46 fe             	mov    WORD PTR [bp-0x2],ax
    9eff:	8b 46 fe             	mov    ax,WORD PTR [bp-0x2]
    9f02:	3b 46 0a             	cmp    ax,WORD PTR [bp+0xa]
    9f05:	3b 46 0a             	cmp    ax,WORD PTR [bp+0xa]
    9f08:	72 d6                	jb     9ee0 <strncpy+0xe>
    9f0a:	90                   	nop
    9f0b:	89 ec                	mov    sp,bp
    9f0d:	5d                   	pop    bp
    9f0e:	5f                   	pop    di
    9f0f:	16                   	push   ss
    9f10:	1f                   	pop    ds
    9f11:	c3                   	ret    

00009f12 <strchr>:
    9f12:	55                   	push   bp
    9f13:	89 e5                	mov    bp,sp
    9f15:	83 ec 02             	sub    sp,0x2
    9f18:	c7 46 fe 00 00       	mov    WORD PTR [bp-0x2],0x0
    9f1d:	eb 1e                	jmp    9f3d <strchr+0x2b>
    9f1f:	8b 56 04             	mov    dx,WORD PTR [bp+0x4]
    9f22:	8b 46 fe             	mov    ax,WORD PTR [bp-0x2]
    9f25:	01 c2                	add    dx,ax
    9f27:	89 d3                	mov    bx,dx
    9f29:	8a 07                	mov    al,BYTE PTR [bx]
    9f2b:	3c 01                	cmp    al,0x1
    9f2d:	20 c0                	and    al,al
    9f2f:	75 05                	jne    9f36 <strchr+0x24>
    9f31:	b8 00 00             	mov    ax,0x0
    9f34:	eb 23                	jmp    9f59 <strchr+0x47>
    9f36:	8b 46 fe             	mov    ax,WORD PTR [bp-0x2]
    9f39:	40                   	inc    ax
    9f3a:	89 46 fe             	mov    WORD PTR [bp-0x2],ax
    9f3d:	8b 56 04             	mov    dx,WORD PTR [bp+0x4]
    9f40:	8b 46 fe             	mov    ax,WORD PTR [bp-0x2]
    9f43:	01 c2                	add    dx,ax
    9f45:	89 d3                	mov    bx,dx
    9f47:	8a 07                	mov    al,BYTE PTR [bx]
    9f49:	3a 46 06             	cmp    al,BYTE PTR [bp+0x6]
    9f4c:	3a 46 06             	cmp    al,BYTE PTR [bp+0x6]
    9f4f:	75 ce                	jne    9f1f <strchr+0xd>
    9f51:	8b 56 04             	mov    dx,WORD PTR [bp+0x4]
    9f54:	8b 46 fe             	mov    ax,WORD PTR [bp-0x2]
    9f57:	01 d0                	add    ax,dx
    9f59:	89 c0                	mov    ax,ax
    9f5b:	89 c0                	mov    ax,ax
    9f5d:	89 ec                	mov    sp,bp
    9f5f:	5d                   	pop    bp
    9f60:	16                   	push   ss
    9f61:	1f                   	pop    ds
    9f62:	c3                   	ret    

00009f63 <strspn>:
    9f63:	55                   	push   bp
    9f64:	89 e5                	mov    bp,sp
    9f66:	83 ec 08             	sub    sp,0x8
    9f69:	c7 46 fe 00 00       	mov    WORD PTR [bp-0x2],0x0
    9f6e:	c7 46 fc 00 00       	mov    WORD PTR [bp-0x4],0x0
    9f73:	c6 46 fb 00          	mov    BYTE PTR [bp-0x5],0x0
    9f77:	eb 67                	jmp    9fe0 <strspn+0x7d>
    9f79:	c7 46 f8 00 00       	mov    WORD PTR [bp-0x8],0x0
    9f7e:	c6 46 fb 00          	mov    BYTE PTR [bp-0x5],0x0
    9f82:	eb 2b                	jmp    9faf <strspn+0x4c>
    9f84:	8b 56 04             	mov    dx,WORD PTR [bp+0x4]
    9f87:	8b 46 fc             	mov    ax,WORD PTR [bp-0x4]
    9f8a:	01 c2                	add    dx,ax
    9f8c:	89 d3                	mov    bx,dx
    9f8e:	8a 0f                	mov    cl,BYTE PTR [bx]
    9f90:	8b 56 06             	mov    dx,WORD PTR [bp+0x6]
    9f93:	8b 46 f8             	mov    ax,WORD PTR [bp-0x8]
    9f96:	01 c2                	add    dx,ax
    9f98:	89 d3                	mov    bx,dx
    9f9a:	8a 07                	mov    al,BYTE PTR [bx]
    9f9c:	38 c1                	cmp    cl,al
    9f9e:	38 c1                	cmp    cl,al
    9fa0:	75 06                	jne    9fa8 <strspn+0x45>
    9fa2:	c6 46 fb 01          	mov    BYTE PTR [bp-0x5],0x1
    9fa6:	eb 19                	jmp    9fc1 <strspn+0x5e>
    9fa8:	8b 46 f8             	mov    ax,WORD PTR [bp-0x8]
    9fab:	40                   	inc    ax
    9fac:	89 46 f8             	mov    WORD PTR [bp-0x8],ax
    9faf:	8b 56 06             	mov    dx,WORD PTR [bp+0x6]
    9fb2:	8b 46 f8             	mov    ax,WORD PTR [bp-0x8]
    9fb5:	01 c2                	add    dx,ax
    9fb7:	89 d3                	mov    bx,dx
    9fb9:	8a 07                	mov    al,BYTE PTR [bx]
    9fbb:	3c 01                	cmp    al,0x1
    9fbd:	20 c0                	and    al,al
    9fbf:	75 c3                	jne    9f84 <strspn+0x21>
    9fc1:	80 7e fb 01          	cmp    BYTE PTR [bp-0x5],0x1
    9fc5:	80 7e fb 00          	cmp    BYTE PTR [bp-0x5],0x0
    9fc9:	74 09                	je     9fd4 <strspn+0x71>
    9fcb:	8b 46 fe             	mov    ax,WORD PTR [bp-0x2]
    9fce:	40                   	inc    ax
    9fcf:	89 46 fe             	mov    WORD PTR [bp-0x2],ax
    9fd2:	eb 05                	jmp    9fd9 <strspn+0x76>
    9fd4:	8b 46 fe             	mov    ax,WORD PTR [bp-0x2]
    9fd7:	eb 1c                	jmp    9ff5 <strspn+0x92>
    9fd9:	8b 46 fc             	mov    ax,WORD PTR [bp-0x4]
    9fdc:	40                   	inc    ax
    9fdd:	89 46 fc             	mov    WORD PTR [bp-0x4],ax
    9fe0:	8b 56 04             	mov    dx,WORD PTR [bp+0x4]
    9fe3:	8b 46 fc             	mov    ax,WORD PTR [bp-0x4]
    9fe6:	01 c2                	add    dx,ax
    9fe8:	89 d3                	mov    bx,dx
    9fea:	8a 07                	mov    al,BYTE PTR [bx]
    9fec:	3c 01                	cmp    al,0x1
    9fee:	20 c0                	and    al,al
    9ff0:	75 87                	jne    9f79 <strspn+0x16>
    9ff2:	8b 46 fe             	mov    ax,WORD PTR [bp-0x2]
    9ff5:	89 c0                	mov    ax,ax
    9ff7:	89 c0                	mov    ax,ax
    9ff9:	89 ec                	mov    sp,bp
    9ffb:	5d                   	pop    bp
    9ffc:	16                   	push   ss
    9ffd:	1f                   	pop    ds
    9ffe:	c3                   	ret    

00009fff <atoin>:
    9fff:	55                   	push   bp
    a000:	89 e5                	mov    bp,sp
    a002:	83 ec 04             	sub    sp,0x4
    a005:	c7 46 fe 00 00       	mov    WORD PTR [bp-0x2],0x0
    a00a:	c7 46 fc 00 00       	mov    WORD PTR [bp-0x4],0x0
    a00f:	eb 31                	jmp    a042 <atoin+0x43>
    a011:	8b 56 fe             	mov    dx,WORD PTR [bp-0x2]
    a014:	89 d0                	mov    ax,dx
    a016:	01 c0                	add    ax,ax
    a018:	01 c0                	add    ax,ax
    a01a:	89 c0                	mov    ax,ax
    a01c:	01 d0                	add    ax,dx
    a01e:	d1 e0                	shl    ax,1
    a020:	89 c0                	mov    ax,ax
    a022:	89 c1                	mov    cx,ax
    a024:	8b 46 fc             	mov    ax,WORD PTR [bp-0x4]
    a027:	8b 56 04             	mov    dx,WORD PTR [bp+0x4]
    a02a:	01 c2                	add    dx,ax
    a02c:	89 d3                	mov    bx,dx
    a02e:	8a 07                	mov    al,BYTE PTR [bx]
    a030:	88 c0                	mov    al,al
    a032:	98                   	cbw    
    a033:	01 c8                	add    ax,cx
    a035:	83 c0 d0             	add    ax,0xffd0
    a038:	89 46 fe             	mov    WORD PTR [bp-0x2],ax
    a03b:	8b 46 fc             	mov    ax,WORD PTR [bp-0x4]
    a03e:	40                   	inc    ax
    a03f:	89 46 fc             	mov    WORD PTR [bp-0x4],ax
    a042:	8b 46 fc             	mov    ax,WORD PTR [bp-0x4]
    a045:	8b 56 04             	mov    dx,WORD PTR [bp+0x4]
    a048:	01 c2                	add    dx,ax
    a04a:	89 d3                	mov    bx,dx
    a04c:	8a 07                	mov    al,BYTE PTR [bx]
    a04e:	3c 01                	cmp    al,0x1
    a050:	20 c0                	and    al,al
    a052:	74 0b                	je     a05f <atoin+0x60>
    a054:	8b 46 fc             	mov    ax,WORD PTR [bp-0x4]
    a057:	3b 46 06             	cmp    ax,WORD PTR [bp+0x6]
    a05a:	3b 46 06             	cmp    ax,WORD PTR [bp+0x6]
    a05d:	72 b2                	jb     a011 <atoin+0x12>
    a05f:	8b 46 fe             	mov    ax,WORD PTR [bp-0x2]
    a062:	89 c0                	mov    ax,ax
    a064:	89 c0                	mov    ax,ax
    a066:	89 ec                	mov    sp,bp
    a068:	5d                   	pop    bp
    a069:	16                   	push   ss
    a06a:	1f                   	pop    ds
    a06b:	c3                   	ret    

0000a06c <extmemread>:
    a06c:	57                   	push   di
    a06d:	55                   	push   bp
    a06e:	89 e5                	mov    bp,sp
    a070:	83 ec 02             	sub    sp,0x2
    a073:	c7 46 fe 00 00       	mov    WORD PTR [bp-0x2],0x0
    a078:	eb 25                	jmp    a09f <extmemread+0x33>
    a07a:	8b 56 06             	mov    dx,WORD PTR [bp+0x6]
    a07d:	8b 46 fe             	mov    ax,WORD PTR [bp-0x2]
    a080:	01 c2                	add    dx,ax
    a082:	89 d7                	mov    di,dx
    a084:	8b 56 0a             	mov    dx,WORD PTR [bp+0xa]
    a087:	8b 46 fe             	mov    ax,WORD PTR [bp-0x2]
    a08a:	01 d0                	add    ax,dx
    a08c:	50                   	push   ax
    a08d:	16                   	push   ss
    a08e:	1f                   	pop    ds
    a08f:	e8 ee fd             	call   9e80 <ExtendedLoad>
    a092:	83 c4 02             	add    sp,0x2
    a095:	36 88 05             	mov    BYTE PTR ss:[di],al
    a098:	8b 46 fe             	mov    ax,WORD PTR [bp-0x2]
    a09b:	40                   	inc    ax
    a09c:	89 46 fe             	mov    WORD PTR [bp-0x2],ax
    a09f:	8b 46 fe             	mov    ax,WORD PTR [bp-0x2]
    a0a2:	3b 46 08             	cmp    ax,WORD PTR [bp+0x8]
    a0a5:	3b 46 08             	cmp    ax,WORD PTR [bp+0x8]
    a0a8:	72 d0                	jb     a07a <extmemread+0xe>
    a0aa:	90                   	nop
    a0ab:	89 ec                	mov    sp,bp
    a0ad:	5d                   	pop    bp
    a0ae:	5f                   	pop    di
    a0af:	16                   	push   ss
    a0b0:	1f                   	pop    ds
    a0b1:	c3                   	ret    

0000a0b2 <extmemwrite>:
    a0b2:	55                   	push   bp
    a0b3:	89 e5                	mov    bp,sp
    a0b5:	83 ec 02             	sub    sp,0x2
    a0b8:	c7 46 fe 00 00       	mov    WORD PTR [bp-0x2],0x0
    a0bd:	eb 28                	jmp    a0e7 <extmemwrite+0x35>
    a0bf:	8b 56 04             	mov    dx,WORD PTR [bp+0x4]
    a0c2:	8b 46 fe             	mov    ax,WORD PTR [bp-0x2]
    a0c5:	01 c2                	add    dx,ax
    a0c7:	89 d3                	mov    bx,dx
    a0c9:	36 8a 07             	mov    al,BYTE PTR ss:[bx]
    a0cc:	88 c1                	mov    cl,al
    a0ce:	8b 56 08             	mov    dx,WORD PTR [bp+0x8]
    a0d1:	8b 46 fe             	mov    ax,WORD PTR [bp-0x2]
    a0d4:	01 d0                	add    ax,dx
    a0d6:	51                   	push   cx
    a0d7:	50                   	push   ax
    a0d8:	16                   	push   ss
    a0d9:	1f                   	pop    ds
    a0da:	e8 94 fd             	call   9e71 <ExtendedStore>
    a0dd:	83 c4 04             	add    sp,0x4
    a0e0:	8b 46 fe             	mov    ax,WORD PTR [bp-0x2]
    a0e3:	40                   	inc    ax
    a0e4:	89 46 fe             	mov    WORD PTR [bp-0x2],ax
    a0e7:	8b 46 fe             	mov    ax,WORD PTR [bp-0x2]
    a0ea:	3b 46 06             	cmp    ax,WORD PTR [bp+0x6]
    a0ed:	3b 46 06             	cmp    ax,WORD PTR [bp+0x6]
    a0f0:	72 cd                	jb     a0bf <extmemwrite+0xd>
    a0f2:	90                   	nop
    a0f3:	89 ec                	mov    sp,bp
    a0f5:	5d                   	pop    bp
    a0f6:	16                   	push   ss
    a0f7:	1f                   	pop    ds
    a0f8:	c3                   	ret    

0000a0f9 <readelement_list>:
    a0f9:	55                   	push   bp
    a0fa:	89 e5                	mov    bp,sp
    a0fc:	83 ec 06             	sub    sp,0x6
    a0ff:	8b 56 06             	mov    dx,WORD PTR [bp+0x6]
    a102:	89 d0                	mov    ax,dx
    a104:	d1 e0                	shl    ax,1
    a106:	89 c0                	mov    ax,ax
    a108:	01 d0                	add    ax,dx
    a10a:	d1 e0                	shl    ax,1
    a10c:	89 c0                	mov    ax,ax
    a10e:	89 c0                	mov    ax,ax
    a110:	50                   	push   ax
    a111:	b8 06 00             	mov    ax,0x6
    a114:	50                   	push   ax
    a115:	8d 46 fa             	lea    ax,[bp-0x6]
    a118:	50                   	push   ax
    a119:	16                   	push   ss
    a11a:	1f                   	pop    ds
    a11b:	e8 4e ff             	call   a06c <extmemread>
    a11e:	83 c4 06             	add    sp,0x6
    a121:	8b 46 04             	mov    ax,WORD PTR [bp+0x4]
    a124:	89 c2                	mov    dx,ax
    a126:	8d 4e fa             	lea    cx,[bp-0x6]
    a129:	b8 06 00             	mov    ax,0x6
    a12c:	50                   	push   ax
    a12d:	51                   	push   cx
    a12e:	52                   	push   dx
    a12f:	16                   	push   ss
    a130:	1f                   	pop    ds
    a131:	e8 58 fd             	call   9e8c <memcpy>
    a134:	83 c4 06             	add    sp,0x6
    a137:	8b 46 04             	mov    ax,WORD PTR [bp+0x4]
    a13a:	89 ec                	mov    sp,bp
    a13c:	5d                   	pop    bp
    a13d:	16                   	push   ss
    a13e:	1f                   	pop    ds
    a13f:	c3                   	ret    

0000a140 <writeelement_list>:
    a140:	55                   	push   bp
    a141:	89 e5                	mov    bp,sp
    a143:	8b 56 0a             	mov    dx,WORD PTR [bp+0xa]
    a146:	89 d0                	mov    ax,dx
    a148:	d1 e0                	shl    ax,1
    a14a:	01 d0                	add    ax,dx
    a14c:	d1 e0                	shl    ax,1
    a14e:	50                   	push   ax
    a14f:	b8 06 00             	mov    ax,0x6
    a152:	50                   	push   ax
    a153:	8d 46 04             	lea    ax,[bp+0x4]
    a156:	50                   	push   ax
    a157:	16                   	push   ss
    a158:	1f                   	pop    ds
    a159:	e8 56 ff             	call   a0b2 <extmemwrite>
    a15c:	83 c4 06             	add    sp,0x6
    a15f:	90                   	nop
    a160:	5d                   	pop    bp
    a161:	16                   	push   ss
    a162:	1f                   	pop    ds
    a163:	c3                   	ret    

0000a164 <list>:
    a164:	55                   	push   bp
    a165:	89 e5                	mov    bp,sp
    a167:	83 ec 1e             	sub    sp,0x1e
    a16a:	36 a1 48 a3          	mov    ax,ss:0xa348
    a16e:	89 46 fe             	mov    WORD PTR [bp-0x2],ax
    a171:	c7 46 fc 00 00       	mov    WORD PTR [bp-0x4],0x0
    a176:	e9 81 00             	jmp    a1fa <list+0x96>
    a179:	b8 27 a3             	mov    ax,0xa327
    a17c:	50                   	push   ax
    a17d:	ff 76 fe             	push   WORD PTR [bp-0x2]
    a180:	16                   	push   ss
    a181:	1f                   	pop    ds
    a182:	e8 de fd             	call   9f63 <strspn>
    a185:	83 c4 04             	add    sp,0x4
    a188:	89 46 f6             	mov    WORD PTR [bp-0xa],ax
    a18b:	ff 76 f6             	push   WORD PTR [bp-0xa]
    a18e:	ff 76 fe             	push   WORD PTR [bp-0x2]
    a191:	16                   	push   ss
    a192:	1f                   	pop    ds
    a193:	e8 69 fe             	call   9fff <atoin>
    a196:	83 c4 04             	add    sp,0x4
    a199:	89 46 ee             	mov    WORD PTR [bp-0x12],ax
    a19c:	b0 0d                	mov    al,0xd
    a19e:	50                   	push   ax
    a19f:	ff 76 fe             	push   WORD PTR [bp-0x2]
    a1a2:	16                   	push   ss
    a1a3:	1f                   	pop    ds
    a1a4:	e8 6b fd             	call   9f12 <strchr>
    a1a7:	83 c4 04             	add    sp,0x4
    a1aa:	89 c2                	mov    dx,ax
    a1ac:	8b 46 fe             	mov    ax,WORD PTR [bp-0x2]
    a1af:	29 c2                	sub    dx,ax
    a1b1:	89 d0                	mov    ax,dx
    a1b3:	89 46 f4             	mov    WORD PTR [bp-0xc],ax
    a1b6:	8b 46 fe             	mov    ax,WORD PTR [bp-0x2]
    a1b9:	89 46 f0             	mov    WORD PTR [bp-0x10],ax
    a1bc:	8b 46 f4             	mov    ax,WORD PTR [bp-0xc]
    a1bf:	89 46 f2             	mov    WORD PTR [bp-0xe],ax
    a1c2:	ff 76 fc             	push   WORD PTR [bp-0x4]
    a1c5:	83 c4 fa             	add    sp,0xfffa
    a1c8:	89 e0                	mov    ax,sp
    a1ca:	89 c2                	mov    dx,ax
    a1cc:	8d 4e ee             	lea    cx,[bp-0x12]
    a1cf:	b8 06 00             	mov    ax,0x6
    a1d2:	50                   	push   ax
    a1d3:	51                   	push   cx
    a1d4:	52                   	push   dx
    a1d5:	16                   	push   ss
    a1d6:	1f                   	pop    ds
    a1d7:	e8 b2 fc             	call   9e8c <memcpy>
    a1da:	83 c4 06             	add    sp,0x6
    a1dd:	16                   	push   ss
    a1de:	1f                   	pop    ds
    a1df:	e8 5e ff             	call   a140 <writeelement_list>
    a1e2:	83 c4 08             	add    sp,0x8
    a1e5:	8b 46 fc             	mov    ax,WORD PTR [bp-0x4]
    a1e8:	40                   	inc    ax
    a1e9:	89 46 fc             	mov    WORD PTR [bp-0x4],ax
    a1ec:	8b 46 f4             	mov    ax,WORD PTR [bp-0xc]
    a1ef:	40                   	inc    ax
    a1f0:	89 c2                	mov    dx,ax
    a1f2:	8b 46 fe             	mov    ax,WORD PTR [bp-0x2]
    a1f5:	01 d0                	add    ax,dx
    a1f7:	89 46 fe             	mov    WORD PTR [bp-0x2],ax
    a1fa:	8b 5e fe             	mov    bx,WORD PTR [bp-0x2]
    a1fd:	36 8a 07             	mov    al,BYTE PTR ss:[bx]
    a200:	3c 01                	cmp    al,0x1
    a202:	20 c0                	and    al,al
    a204:	74 0f                	je     a215 <list+0xb1>
    a206:	8b 5e fe             	mov    bx,WORD PTR [bp-0x2]
    a209:	36 8a 07             	mov    al,BYTE PTR ss:[bx]
    a20c:	3c 0d                	cmp    al,0xd
    a20e:	3c 0d                	cmp    al,0xd
    a210:	74 03                	je     a215 <list+0xb1>
    a212:	e9 64 ff             	jmp    a179 <list+0x15>
    a215:	c6 46 fb 01          	mov    BYTE PTR [bp-0x5],0x1
    a219:	e9 9f 00             	jmp    a2bb <list+0x157>
    a21c:	c6 46 fb 00          	mov    BYTE PTR [bp-0x5],0x0
    a220:	c7 46 f8 00 00       	mov    WORD PTR [bp-0x8],0x0
    a225:	e9 81 00             	jmp    a2a9 <list+0x145>
    a228:	8b 46 f8             	mov    ax,WORD PTR [bp-0x8]
    a22b:	8d 56 e8             	lea    dx,[bp-0x18]
    a22e:	50                   	push   ax
    a22f:	52                   	push   dx
    a230:	16                   	push   ss
    a231:	1f                   	pop    ds
    a232:	e8 c4 fe             	call   a0f9 <readelement_list>
    a235:	83 c4 04             	add    sp,0x4
    a238:	8b 46 f8             	mov    ax,WORD PTR [bp-0x8]
    a23b:	40                   	inc    ax
    a23c:	8d 56 e2             	lea    dx,[bp-0x1e]
    a23f:	50                   	push   ax
    a240:	52                   	push   dx
    a241:	16                   	push   ss
    a242:	1f                   	pop    ds
    a243:	e8 b3 fe             	call   a0f9 <readelement_list>
    a246:	83 c4 04             	add    sp,0x4
    a249:	8b 56 e8             	mov    dx,WORD PTR [bp-0x18]
    a24c:	8b 46 e2             	mov    ax,WORD PTR [bp-0x1e]
    a24f:	39 c2                	cmp    dx,ax
    a251:	39 c2                	cmp    dx,ax
    a253:	7e 4d                	jle    a2a2 <list+0x13e>
    a255:	8b 46 f8             	mov    ax,WORD PTR [bp-0x8]
    a258:	50                   	push   ax
    a259:	83 c4 fa             	add    sp,0xfffa
    a25c:	89 e0                	mov    ax,sp
    a25e:	89 c2                	mov    dx,ax
    a260:	8d 4e e2             	lea    cx,[bp-0x1e]
    a263:	b8 06 00             	mov    ax,0x6
    a266:	50                   	push   ax
    a267:	51                   	push   cx
    a268:	52                   	push   dx
    a269:	16                   	push   ss
    a26a:	1f                   	pop    ds
    a26b:	e8 1e fc             	call   9e8c <memcpy>
    a26e:	83 c4 06             	add    sp,0x6
    a271:	16                   	push   ss
    a272:	1f                   	pop    ds
    a273:	e8 ca fe             	call   a140 <writeelement_list>
    a276:	83 c4 08             	add    sp,0x8
    a279:	8b 46 f8             	mov    ax,WORD PTR [bp-0x8]
    a27c:	40                   	inc    ax
    a27d:	50                   	push   ax
    a27e:	83 c4 fa             	add    sp,0xfffa
    a281:	89 e0                	mov    ax,sp
    a283:	89 c2                	mov    dx,ax
    a285:	8d 4e e8             	lea    cx,[bp-0x18]
    a288:	b8 06 00             	mov    ax,0x6
    a28b:	50                   	push   ax
    a28c:	51                   	push   cx
    a28d:	52                   	push   dx
    a28e:	16                   	push   ss
    a28f:	1f                   	pop    ds
    a290:	e8 f9 fb             	call   9e8c <memcpy>
    a293:	83 c4 06             	add    sp,0x6
    a296:	16                   	push   ss
    a297:	1f                   	pop    ds
    a298:	e8 a5 fe             	call   a140 <writeelement_list>
    a29b:	83 c4 08             	add    sp,0x8
    a29e:	c6 46 fb 01          	mov    BYTE PTR [bp-0x5],0x1
    a2a2:	8b 46 f8             	mov    ax,WORD PTR [bp-0x8]
    a2a5:	40                   	inc    ax
    a2a6:	89 46 f8             	mov    WORD PTR [bp-0x8],ax
    a2a9:	8b 46 fc             	mov    ax,WORD PTR [bp-0x4]
    a2ac:	48                   	dec    ax
    a2ad:	89 c2                	mov    dx,ax
    a2af:	8b 46 f8             	mov    ax,WORD PTR [bp-0x8]
    a2b2:	39 c2                	cmp    dx,ax
    a2b4:	39 c2                	cmp    dx,ax
    a2b6:	76 03                	jbe    a2bb <list+0x157>
    a2b8:	e9 6d ff             	jmp    a228 <list+0xc4>
    a2bb:	80 7e fb 01          	cmp    BYTE PTR [bp-0x5],0x1
    a2bf:	80 7e fb 00          	cmp    BYTE PTR [bp-0x5],0x0
    a2c3:	74 03                	je     a2c8 <list+0x164>
    a2c5:	e9 54 ff             	jmp    a21c <list+0xb8>
    a2c8:	90                   	nop
    a2c9:	89 ec                	mov    sp,bp
    a2cb:	5d                   	pop    bp
    a2cc:	16                   	push   ss
    a2cd:	1f                   	pop    ds
    a2ce:	c3                   	ret    

0000a2cf <interpret>:
    a2cf:	55                   	push   bp
    a2d0:	89 e5                	mov    bp,sp
    a2d2:	81 ec 96 00          	sub    sp,0x96
    a2d6:	8d 4e ea             	lea    cx,[bp-0x16]
    a2d9:	b8 32 a3             	mov    ax,0xa332
    a2dc:	ba 16 00             	mov    dx,0x16
    a2df:	52                   	push   dx
    a2e0:	50                   	push   ax
    a2e1:	51                   	push   cx
    a2e2:	16                   	push   ss
    a2e3:	1f                   	pop    ds
    a2e4:	e8 a5 fb             	call   9e8c <memcpy>
    a2e7:	83 c4 06             	add    sp,0x6
    a2ea:	b8 03 00             	mov    ax,0x3
    a2ed:	50                   	push   ax
    a2ee:	b8 16 00             	mov    ax,0x16
    a2f1:	50                   	push   ax
    a2f2:	8d 46 ea             	lea    ax,[bp-0x16]
    a2f5:	50                   	push   ax
    a2f6:	16                   	push   ss
    a2f7:	1f                   	pop    ds
    a2f8:	e8 b7 fd             	call   a0b2 <extmemwrite>
    a2fb:	83 c4 06             	add    sp,0x6
    a2fe:	b8 03 00             	mov    ax,0x3
    a301:	50                   	push   ax
    a302:	b8 16 00             	mov    ax,0x16
    a305:	50                   	push   ax
    a306:	8d 86 6a ff          	lea    ax,[bp-0x96]
    a30a:	50                   	push   ax
    a30b:	16                   	push   ss
    a30c:	1f                   	pop    ds
    a30d:	e8 5c fd             	call   a06c <extmemread>
    a310:	83 c4 06             	add    sp,0x6
    a313:	8d 86 6a ff          	lea    ax,[bp-0x96]
    a317:	50                   	push   ax
    a318:	16                   	push   ss
    a319:	1f                   	pop    ds
    a31a:	e8 2e fb             	call   9e4b <PrintStringLn>
    a31d:	83 c4 02             	add    sp,0x2
    a320:	90                   	nop
    a321:	89 ec                	mov    sp,bp
    a323:	5d                   	pop    bp
    a324:	16                   	push   ss
    a325:	1f                   	pop    ds
    a326:	c3                   	ret    
